Last login: Mon Feb 27 20:49:42 on ttys000
 GA General Assembly  Web Development Immersive 
------------------------------------------
git version 2.10.1
Homebrew 1.1.10 Homebrew/homebrew-core (git revision 4f95; last commit 2017-02-28)
ruby 2.2.3p173 (2015-08-18 revision 51636) [x86_64-darwin16]
node v7.6.0
psql (PostgreSQL) 9.6.2
------------------------------------------
type unwelcome to remove this message
renejavier ~
$ cd ~/code/wdi/wdi-atx-10/homework/kitchen
renejavier ~/code/wdi/wdi-atx-10/homework/kitchen
$ cd ..
renejavier ~/code/wdi/wdi-atx-10/homework
$ mv kitchen/fridge/trashcan/sink/ kitchen/
'kitchen/fridge/trashcan/sink/' -> 'kitchen/sink'
renejavier ~/code/wdi/wdi-atx-10/homework
$ ls
kitchen/
renejavier ~/code/wdi/wdi-atx-10/homework
$ mv kitchen/pantry/crisper-drawer/ kitchen/fridge/
'kitchen/pantry/crisper-drawer/' -> 'kitchen/fridge/crisper-drawer'
renejavier ~/code/wdi/wdi-atx-10/homework
$ rm cans.txt
grm: cannot remove 'cans.txt': No such file or directory
renejavier ~/code/wdi/wdi-atx-10/homework
$ ls
kitchen/
renejavier ~/code/wdi/wdi-atx-10/homework
$ cd kitchen
renejavier ~/code/wdi/wdi-atx-10/homework/kitchen
$ ls
cans.txt  fridge/  pantry/  sink/
renejavier ~/code/wdi/wdi-atx-10/homework/kitchen
$ rm cans.txt
removed 'cans.txt'
renejavier ~/code/wdi/wdi-atx-10/homework/kitchen
$ ls
fridge/  pantry/  sink/
renejavier ~/code/wdi/wdi-atx-10/homework/kitchen
$ cd ..
renejavier ~/code/wdi/wdi-atx-10/homework
$ mv kitchen/fridge/trashcan/ kitchen/
'kitchen/fridge/trashcan/' -> 'kitchen/trashcan'
renejavier ~/code/wdi/wdi-atx-10/homework
$ cd kitchen
renejavier ~/code/wdi/wdi-atx-10/homework/kitchen
$ ls
fridge/  pantry/  sink/  trashcan/
renejavier ~/code/wdi/wdi-atx-10/homework/kitchen
$ cd fridge/
renejavier ~/code/wdi/wdi-atx-10/homework/kitchen/fridge
$ ls
crisper-drawer/  diapers.txt  freezer/	milk.txt
renejavier ~/code/wdi/wdi-atx-10/homework/kitchen/fridge
$ rm diapers.txt
removed 'diapers.txt'
renejavier ~/code/wdi/wdi-atx-10/homework/kitchen/fridge
$ ls
crisper-drawer/  freezer/  milk.txt
renejavier ~/code/wdi/wdi-atx-10/homework/kitchen/fridge
$ cd crisper-drawer/
renejavier ~/code/wdi/wdi-atx-10/homework/kitchen/fridge/crisper-drawer
$ ls
lettuce.txt
renejavier ~/code/wdi/wdi-atx-10/homework/kitchen/fridge/crisper-drawer
$ touch apples.txt
renejavier ~/code/wdi/wdi-atx-10/homework/kitchen/fridge/crisper-drawer
$ ls
apples.txt  lettuce.txt
renejavier ~/code/wdi/wdi-atx-10/homework/kitchen/fridge/crisper-drawer
$ cd ..
renejavier ~/code/wdi/wdi-atx-10/homework/kitchen/fridge
$ ls
crisper-drawer/  freezer/  milk.txt
renejavier ~/code/wdi/wdi-atx-10/homework/kitchen/fridge
$ cd freezer
renejavier ~/code/wdi/wdi-atx-10/homework/kitchen/fridge/freezer
$ ls
couch.txt  frozenpeas.txt  icecream.txt
renejavier ~/code/wdi/wdi-atx-10/homework/kitchen/fridge/freezer
$ rm couch.txt
removed 'couch.txt'
renejavier ~/code/wdi/wdi-atx-10/homework/kitchen/fridge/freezer
$ cd ..
renejavier ~/code/wdi/wdi-atx-10/homework/kitchen/fridge
$ ls
crisper-drawer/  freezer/  milk.txt
renejavier ~/code/wdi/wdi-atx-10/homework/kitchen/fridge
$ cd ..
renejavier ~/code/wdi/wdi-atx-10/homework/kitchen
$ ls
fridge/  pantry/  sink/  trashcan/
renejavier ~/code/wdi/wdi-atx-10/homework/kitchen
$ cd pantry
renejavier ~/code/wdi/wdi-atx-10/homework/kitchen/pantry
$ ls
cans.txt  cereal.txt
renejavier ~/code/wdi/wdi-atx-10/homework/kitchen/pantry
$ cd ..
renejavier ~/code/wdi/wdi-atx-10/homework/kitchen
$ ls
fridge/  pantry/  sink/  trashcan/
renejavier ~/code/wdi/wdi-atx-10/homework/kitchen
$ cd sink
renejavier ~/code/wdi/wdi-atx-10/homework/kitchen/sink
$ ls
clean-dishes.txt  delete-me.txt  dirty-dishes.txt
renejavier ~/code/wdi/wdi-atx-10/homework/kitchen/sink
$ mkdir drying-rack
gmkdir: created directory 'drying-rack'
renejavier ~/code/wdi/wdi-atx-10/homework/kitchen/sink
$ ls
clean-dishes.txt  delete-me.txt  dirty-dishes.txt  drying-rack/
renejavier ~/code/wdi/wdi-atx-10/homework/kitchen/sink
$ mv clean-dishes.txt drying-rack/
'clean-dishes.txt' -> 'drying-rack/clean-dishes.txt'
renejavier ~/code/wdi/wdi-atx-10/homework/kitchen/sink
$ ls
delete-me.txt  dirty-dishes.txt  drying-rack/
renejavier ~/code/wdi/wdi-atx-10/homework/kitchen/sink
$ rm delete-me.txt
removed 'delete-me.txt'
renejavier ~/code/wdi/wdi-atx-10/homework/kitchen/sink
$ cd ..
renejavier ~/code/wdi/wdi-atx-10/homework/kitchen
$ ls
fridge/  pantry/  sink/  trashcan/
renejavier ~/code/wdi/wdi-atx-10/homework/kitchen
$ cd trashcan/
renejavier ~/code/wdi/wdi-atx-10/homework/kitchen/trashcan
$ ls
banana-peels.txt  chicken-bones.txt  egg-shells.txt
renejavier ~/code/wdi/wdi-atx-10/homework/kitchen/trashcan
$ tree
.
├── banana-peels.txt
├── chicken-bones.txt
└── egg-shells.txt

0 directories, 3 files
renejavier ~/code/wdi/wdi-atx-10/homework/kitchen/trashcan
$ cd ..
renejavier ~/code/wdi/wdi-atx-10/homework/kitchen
$ cd ..
renejavier ~/code/wdi/wdi-atx-10/homework
$ ls
kitchen/
renejavier ~/code/wdi/wdi-atx-10/homework
$ tree
.
└── kitchen
    ├── fridge
    │   ├── crisper-drawer
    │   │   ├── apples.txt
    │   │   └── lettuce.txt
    │   ├── freezer
    │   │   ├── frozenpeas.txt
    │   │   └── icecream.txt
    │   └── milk.txt
    ├── pantry
    │   ├── cans.txt
    │   └── cereal.txt
    ├── sink
    │   ├── dirty-dishes.txt
    │   └── drying-rack
    │       └── clean-dishes.txt
    └── trashcan
        ├── banana-peels.txt
        ├── chicken-bones.txt
        └── egg-shells.txt

8 directories, 12 files
renejavier ~/code/wdi/wdi-atx-10/homework
$ 
